------------------------------------------------------------
Timing Analyzer Summary
------------------------------------------------------------

Type  : Slow 1200mV 85C Model Setup 'MAX10_CLK1_50'
Slack : -3.096
TNS   : -78.019

Type  : Slow 1200mV 85C Model Hold 'MAX10_CLK1_50'
Slack : 0.348
TNS   : 0.000

Type  : Slow 1200mV 85C Model Minimum Pulse Width 'MAX10_CLK1_50'
Slack : -3.000
TNS   : -46.493

Type  : Slow 1200mV 0C Model Setup 'MAX10_CLK1_50'
Slack : -2.781
TNS   : -69.830

Type  : Slow 1200mV 0C Model Hold 'MAX10_CLK1_50'
Slack : 0.312
TNS   : 0.000

Type  : Slow 1200mV 0C Model Minimum Pulse Width 'MAX10_CLK1_50'
Slack : -3.000
TNS   : -46.493

Type  : Fast 1200mV 0C Model Setup 'MAX10_CLK1_50'
Slack : -0.711
TNS   : -15.582

Type  : Fast 1200mV 0C Model Hold 'MAX10_CLK1_50'
Slack : 0.152
TNS   : 0.000

Type  : Fast 1200mV 0C Model Minimum Pulse Width 'MAX10_CLK1_50'
Slack : -3.000
TNS   : -35.085

------------------------------------------------------------
